Flow report for flappy_bird_base
Thu May 15 22:05:49 2025
Quartus Prime Version 24.1std.0 Build 1077 03/04/2025 SC Standard Edition


---------------------
; Table of Contents ;
---------------------
  1. Legal Notice
  2. Flow Summary
  3. Flow Settings
  4. Flow Non-Default Global Settings
  5. Flow Elapsed Time
  6. Flow OS Summary
  7. Flow Log
  8. Flow Messages
  9. Flow Suppressed Messages



----------------
; Legal Notice ;
----------------
Copyright (C) 2025  Altera Corporation. All rights reserved.
Your use of Altera Corporation's design tools, logic functions 
and other software and tools, and any partner logic 
functions, and any output files from any of the foregoing 
(including device programming or simulation files), and any 
associated documentation or information are expressly subject 
to the terms and conditions of the Altera Program License 
Subscription Agreement, the Altera Quartus Prime License Agreement,
the Altera IP License Agreement, or other applicable license
agreement, including, without limitation, that your use is for
the sole purpose of programming logic devices manufactured by
Altera and sold by Altera or its authorized distributors.  Please
refer to the Altera Software License Subscription Agreements 
on the Quartus Prime software download page.



+---------------------------------------------------------------------------------------+
; Flow Summary                                                                          ;
+---------------------------------+-----------------------------------------------------+
; Flow Status                     ; Successful - Thu May 15 22:05:42 2025               ;
; Quartus Prime Version           ; 24.1std.0 Build 1077 03/04/2025 SC Standard Edition ;
; Revision Name                   ; flappy_bird_base                                    ;
; Top-level Entity Name           ; flappy_bird_base                                    ;
; Family                          ; Cyclone V                                           ;
; Device                          ; 5CEBA4F23C7                                         ;
; Timing Models                   ; Final                                               ;
; Logic utilization (in ALMs)     ; 3,482 / 18,480 ( 19 % )                             ;
; Total registers                 ; 389                                                 ;
; Total pins                      ; 59 / 224 ( 26 % )                                   ;
; Total virtual pins              ; 0                                                   ;
; Total block memory bits         ; 4,096 / 3,153,920 ( < 1 % )                         ;
; Total DSP Blocks                ; 0 / 66 ( 0 % )                                      ;
; Total HSSI RX PCSs              ; 0                                                   ;
; Total HSSI PMA RX Deserializers ; 0                                                   ;
; Total HSSI TX PCSs              ; 0                                                   ;
; Total HSSI PMA TX Serializers   ; 0                                                   ;
; Total PLLs                      ; 0 / 4 ( 0 % )                                       ;
; Total DLLs                      ; 0 / 4 ( 0 % )                                       ;
+---------------------------------+-----------------------------------------------------+


+-----------------------------------------+
; Flow Settings                           ;
+-------------------+---------------------+
; Option            ; Setting             ;
+-------------------+---------------------+
; Start date & time ; 05/15/2025 22:00:59 ;
; Main task         ; Compilation         ;
; Revision Name     ; flappy_bird_base    ;
+-------------------+---------------------+


+----------------------------------------------------------------------------------------------------------------------------+
; Flow Non-Default Global Settings                                                                                           ;
+-------------------------------------+----------------------------------------+---------------+----------------+------------+
; Assignment Name                     ; Value                                  ; Default Value ; Entity Name    ; Section Id ;
+-------------------------------------+----------------------------------------+---------------+----------------+------------+
; COMPILER_SIGNATURE_ID               ; 20271605721567.174730325946468         ; --            ; --             ; --         ;
; MAX_CORE_JUNCTION_TEMP              ; 85                                     ; --            ; --             ; --         ;
; MIN_CORE_JUNCTION_TEMP              ; 0                                      ; --            ; --             ; --         ;
; PARTITION_COLOR                     ; -- (Not supported for targeted family) ; --            ; DE0_CV_Default ; Top        ;
; PARTITION_COLOR                     ; -- (Not supported for targeted family) ; --            ; --             ; Top        ;
; PARTITION_FITTER_PRESERVATION_LEVEL ; -- (Not supported for targeted family) ; --            ; DE0_CV_Default ; Top        ;
; PARTITION_FITTER_PRESERVATION_LEVEL ; -- (Not supported for targeted family) ; --            ; --             ; Top        ;
; PARTITION_NETLIST_TYPE              ; -- (Not supported for targeted family) ; --            ; DE0_CV_Default ; Top        ;
; PARTITION_NETLIST_TYPE              ; -- (Not supported for targeted family) ; --            ; --             ; Top        ;
; POWER_BOARD_THERMAL_MODEL           ; None (CONSERVATIVE)                    ; --            ; --             ; --         ;
; POWER_PRESET_COOLING_SOLUTION       ; 23 MM HEAT SINK WITH 200 LFPM AIRFLOW  ; --            ; --             ; --         ;
; PROJECT_OUTPUT_DIRECTORY            ; output_files                           ; --            ; --             ; --         ;
+-------------------------------------+----------------------------------------+---------------+----------------+------------+


+--------------------------------------------------------------------------------------------------------------------------+
; Flow Elapsed Time                                                                                                        ;
+----------------------+--------------+-------------------------+---------------------+------------------------------------+
; Module Name          ; Elapsed Time ; Average Processors Used ; Peak Virtual Memory ; Total CPU Time (on all processors) ;
+----------------------+--------------+-------------------------+---------------------+------------------------------------+
; Analysis & Synthesis ; 00:00:12     ; 1.0                     ; 5093 MB             ; 00:00:18                           ;
; Fitter               ; 00:04:26     ; 1.1                     ; 7600 MB             ; 00:29:57                           ;
; Assembler            ; 00:00:03     ; 1.0                     ; 5036 MB             ; 00:00:03                           ;
; Timing Analyzer      ; 00:00:06     ; 2.8                     ; 5432 MB             ; 00:00:15                           ;
; Total                ; 00:04:47     ; --                      ; --                  ; 00:30:33                           ;
+----------------------+--------------+-------------------------+---------------------+------------------------------------+


+------------------------------------------------------------------------------------+
; Flow OS Summary                                                                    ;
+----------------------+------------------+------------+------------+----------------+
; Module Name          ; Machine Hostname ; OS Name    ; OS Version ; Processor type ;
+----------------------+------------------+------------+------------+----------------+
; Analysis & Synthesis ; Samuels_Desktop  ; Windows 10 ; 10.0       ; x86_64         ;
; Fitter               ; Samuels_Desktop  ; Windows 10 ; 10.0       ; x86_64         ;
; Assembler            ; Samuels_Desktop  ; Windows 10 ; 10.0       ; x86_64         ;
; Timing Analyzer      ; Samuels_Desktop  ; Windows 10 ; 10.0       ; x86_64         ;
+----------------------+------------------+------------+------------+----------------+


------------
; Flow Log ;
------------
quartus_map --read_settings_files=on --write_settings_files=off flappy_bird_base -c flappy_bird_base
quartus_fit --read_settings_files=off --write_settings_files=off flappy_bird_base -c flappy_bird_base
quartus_asm --read_settings_files=off --write_settings_files=off flappy_bird_base -c flappy_bird_base
quartus_sta flappy_bird_base -c flappy_bird_base



