------------------------------------------------------------
Timing Analyzer Summary
------------------------------------------------------------

Type  : Slow 1100mV 85C Model Setup 'clk_25'
Slack : -17.921
TNS   : -356.943

Type  : Slow 1100mV 85C Model Setup 'VGA_SYNC:vga_inst|vert_sync_out'
Slack : -4.541
TNS   : -439.047

Type  : Slow 1100mV 85C Model Setup 'MOUSE:mouse_inst|MOUSE_CLK_FILTER'
Slack : -3.036
TNS   : -98.890

Type  : Slow 1100mV 85C Model Setup 'CLOCK_50'
Slack : -1.063
TNS   : -1.906

Type  : Slow 1100mV 85C Model Hold 'clk_25'
Slack : 0.264
TNS   : 0.000

Type  : Slow 1100mV 85C Model Hold 'CLOCK_50'
Slack : 0.447
TNS   : 0.000

Type  : Slow 1100mV 85C Model Hold 'VGA_SYNC:vga_inst|vert_sync_out'
Slack : 0.547
TNS   : 0.000

Type  : Slow 1100mV 85C Model Hold 'MOUSE:mouse_inst|MOUSE_CLK_FILTER'
Slack : 0.548
TNS   : 0.000

Type  : Slow 1100mV 85C Model Recovery 'MOUSE:mouse_inst|MOUSE_CLK_FILTER'
Slack : -1.882
TNS   : -30.024

Type  : Slow 1100mV 85C Model Removal 'MOUSE:mouse_inst|MOUSE_CLK_FILTER'
Slack : 0.714
TNS   : 0.000

Type  : Slow 1100mV 85C Model Minimum Pulse Width 'clk_25'
Slack : -2.636
TNS   : -118.574

Type  : Slow 1100mV 85C Model Minimum Pulse Width 'VGA_SYNC:vga_inst|vert_sync_out'
Slack : -0.538
TNS   : -104.963

Type  : Slow 1100mV 85C Model Minimum Pulse Width 'MOUSE:mouse_inst|MOUSE_CLK_FILTER'
Slack : -0.538
TNS   : -29.108

Type  : Slow 1100mV 85C Model Minimum Pulse Width 'CLOCK_50'
Slack : -0.538
TNS   : -2.654

Type  : Slow 1100mV 0C Model Setup 'clk_25'
Slack : -18.708
TNS   : -354.746

Type  : Slow 1100mV 0C Model Setup 'VGA_SYNC:vga_inst|vert_sync_out'
Slack : -4.264
TNS   : -435.328

Type  : Slow 1100mV 0C Model Setup 'MOUSE:mouse_inst|MOUSE_CLK_FILTER'
Slack : -3.009
TNS   : -92.242

Type  : Slow 1100mV 0C Model Setup 'CLOCK_50'
Slack : -1.120
TNS   : -1.911

Type  : Slow 1100mV 0C Model Hold 'clk_25'
Slack : 0.201
TNS   : 0.000

Type  : Slow 1100mV 0C Model Hold 'CLOCK_50'
Slack : 0.418
TNS   : 0.000

Type  : Slow 1100mV 0C Model Hold 'MOUSE:mouse_inst|MOUSE_CLK_FILTER'
Slack : 0.554
TNS   : 0.000

Type  : Slow 1100mV 0C Model Hold 'VGA_SYNC:vga_inst|vert_sync_out'
Slack : 0.627
TNS   : 0.000

Type  : Slow 1100mV 0C Model Recovery 'MOUSE:mouse_inst|MOUSE_CLK_FILTER'
Slack : -1.692
TNS   : -26.971

Type  : Slow 1100mV 0C Model Removal 'MOUSE:mouse_inst|MOUSE_CLK_FILTER'
Slack : 0.667
TNS   : 0.000

Type  : Slow 1100mV 0C Model Minimum Pulse Width 'clk_25'
Slack : -2.636
TNS   : -117.809

Type  : Slow 1100mV 0C Model Minimum Pulse Width 'VGA_SYNC:vga_inst|vert_sync_out'
Slack : -0.538
TNS   : -103.364

Type  : Slow 1100mV 0C Model Minimum Pulse Width 'MOUSE:mouse_inst|MOUSE_CLK_FILTER'
Slack : -0.538
TNS   : -28.995

Type  : Slow 1100mV 0C Model Minimum Pulse Width 'CLOCK_50'
Slack : -0.538
TNS   : -2.709

Type  : Fast 1100mV 85C Model Setup 'clk_25'
Slack : -7.673
TNS   : -148.230

Type  : Fast 1100mV 85C Model Setup 'VGA_SYNC:vga_inst|vert_sync_out'
Slack : -2.127
TNS   : -190.121

Type  : Fast 1100mV 85C Model Setup 'MOUSE:mouse_inst|MOUSE_CLK_FILTER'
Slack : -1.481
TNS   : -44.117

Type  : Fast 1100mV 85C Model Setup 'CLOCK_50'
Slack : -0.157
TNS   : -0.157

Type  : Fast 1100mV 85C Model Hold 'clk_25'
Slack : -0.049
TNS   : -0.049

Type  : Fast 1100mV 85C Model Hold 'CLOCK_50'
Slack : 0.157
TNS   : 0.000

Type  : Fast 1100mV 85C Model Hold 'MOUSE:mouse_inst|MOUSE_CLK_FILTER'
Slack : 0.269
TNS   : 0.000

Type  : Fast 1100mV 85C Model Hold 'VGA_SYNC:vga_inst|vert_sync_out'
Slack : 0.331
TNS   : 0.000

Type  : Fast 1100mV 85C Model Recovery 'MOUSE:mouse_inst|MOUSE_CLK_FILTER'
Slack : -0.660
TNS   : -10.515

Type  : Fast 1100mV 85C Model Removal 'MOUSE:mouse_inst|MOUSE_CLK_FILTER'
Slack : 0.156
TNS   : 0.000

Type  : Fast 1100mV 85C Model Minimum Pulse Width 'clk_25'
Slack : -2.174
TNS   : -36.509

Type  : Fast 1100mV 85C Model Minimum Pulse Width 'CLOCK_50'
Slack : -0.340
TNS   : -1.017

Type  : Fast 1100mV 85C Model Minimum Pulse Width 'VGA_SYNC:vga_inst|vert_sync_out'
Slack : -0.084
TNS   : -2.228

Type  : Fast 1100mV 85C Model Minimum Pulse Width 'MOUSE:mouse_inst|MOUSE_CLK_FILTER'
Slack : -0.082
TNS   : -1.282

Type  : Fast 1100mV 0C Model Setup 'clk_25'
Slack : -7.212
TNS   : -129.646

Type  : Fast 1100mV 0C Model Setup 'VGA_SYNC:vga_inst|vert_sync_out'
Slack : -1.850
TNS   : -166.912

Type  : Fast 1100mV 0C Model Setup 'MOUSE:mouse_inst|MOUSE_CLK_FILTER'
Slack : -1.322
TNS   : -39.458

Type  : Fast 1100mV 0C Model Setup 'CLOCK_50'
Slack : -0.103
TNS   : -0.103

Type  : Fast 1100mV 0C Model Hold 'clk_25'
Slack : -0.105
TNS   : -0.105

Type  : Fast 1100mV 0C Model Hold 'CLOCK_50'
Slack : 0.134
TNS   : 0.000

Type  : Fast 1100mV 0C Model Hold 'MOUSE:mouse_inst|MOUSE_CLK_FILTER'
Slack : 0.242
TNS   : 0.000

Type  : Fast 1100mV 0C Model Hold 'VGA_SYNC:vga_inst|vert_sync_out'
Slack : 0.324
TNS   : 0.000

Type  : Fast 1100mV 0C Model Recovery 'MOUSE:mouse_inst|MOUSE_CLK_FILTER'
Slack : -0.582
TNS   : -9.278

Type  : Fast 1100mV 0C Model Removal 'MOUSE:mouse_inst|MOUSE_CLK_FILTER'
Slack : 0.155
TNS   : 0.000

Type  : Fast 1100mV 0C Model Minimum Pulse Width 'clk_25'
Slack : -2.174
TNS   : -34.795

Type  : Fast 1100mV 0C Model Minimum Pulse Width 'CLOCK_50'
Slack : -0.344
TNS   : -1.037

Type  : Fast 1100mV 0C Model Minimum Pulse Width 'MOUSE:mouse_inst|MOUSE_CLK_FILTER'
Slack : -0.042
TNS   : -0.654

Type  : Fast 1100mV 0C Model Minimum Pulse Width 'VGA_SYNC:vga_inst|vert_sync_out'
Slack : -0.023
TNS   : -0.284

------------------------------------------------------------
