------------------------------------------------------------
Timing Analyzer Summary
------------------------------------------------------------

Type  : Slow 1100mV 85C Model Setup 'VGA_SYNC:vga_inst|vert_sync_out'
Slack : -141.087
TNS   : -5314.346

Type  : Slow 1100mV 85C Model Setup 'clk_25'
Slack : -8.200
TNS   : -640.131

Type  : Slow 1100mV 85C Model Setup 'MOUSE:mouse_inst|MOUSE_CLK_FILTER'
Slack : -3.808
TNS   : -277.593

Type  : Slow 1100mV 85C Model Setup 'game_fsm:fsm_inst|current_state.TITLE'
Slack : -2.253
TNS   : -2.253

Type  : Slow 1100mV 85C Model Setup 'CLOCK_50'
Slack : -1.130
TNS   : -1.815

Type  : Slow 1100mV 85C Model Hold 'clk_25'
Slack : 0.350
TNS   : 0.000

Type  : Slow 1100mV 85C Model Hold 'MOUSE:mouse_inst|MOUSE_CLK_FILTER'
Slack : 0.476
TNS   : 0.000

Type  : Slow 1100mV 85C Model Hold 'VGA_SYNC:vga_inst|vert_sync_out'
Slack : 0.524
TNS   : 0.000

Type  : Slow 1100mV 85C Model Hold 'CLOCK_50'
Slack : 0.609
TNS   : 0.000

Type  : Slow 1100mV 85C Model Hold 'game_fsm:fsm_inst|current_state.TITLE'
Slack : 1.083
TNS   : 0.000

Type  : Slow 1100mV 85C Model Recovery 'MOUSE:mouse_inst|MOUSE_CLK_FILTER'
Slack : -1.908
TNS   : -30.427

Type  : Slow 1100mV 85C Model Removal 'MOUSE:mouse_inst|MOUSE_CLK_FILTER'
Slack : 0.718
TNS   : 0.000

Type  : Slow 1100mV 85C Model Minimum Pulse Width 'clk_25'
Slack : -2.636
TNS   : -244.774

Type  : Slow 1100mV 85C Model Minimum Pulse Width 'CLOCK_50'
Slack : -0.615
TNS   : -2.306

Type  : Slow 1100mV 85C Model Minimum Pulse Width 'VGA_SYNC:vga_inst|vert_sync_out'
Slack : -0.538
TNS   : -283.859

Type  : Slow 1100mV 85C Model Minimum Pulse Width 'MOUSE:mouse_inst|MOUSE_CLK_FILTER'
Slack : -0.538
TNS   : -71.922

Type  : Slow 1100mV 85C Model Minimum Pulse Width 'game_fsm:fsm_inst|current_state.TITLE'
Slack : 0.370
TNS   : 0.000

Type  : Slow 1100mV 0C Model Setup 'VGA_SYNC:vga_inst|vert_sync_out'
Slack : -148.744
TNS   : -5413.148

Type  : Slow 1100mV 0C Model Setup 'clk_25'
Slack : -8.259
TNS   : -625.674

Type  : Slow 1100mV 0C Model Setup 'MOUSE:mouse_inst|MOUSE_CLK_FILTER'
Slack : -3.706
TNS   : -262.491

Type  : Slow 1100mV 0C Model Setup 'game_fsm:fsm_inst|current_state.TITLE'
Slack : -2.238
TNS   : -2.238

Type  : Slow 1100mV 0C Model Setup 'CLOCK_50'
Slack : -1.121
TNS   : -1.813

Type  : Slow 1100mV 0C Model Hold 'clk_25'
Slack : 0.413
TNS   : 0.000

Type  : Slow 1100mV 0C Model Hold 'MOUSE:mouse_inst|MOUSE_CLK_FILTER'
Slack : 0.473
TNS   : 0.000

Type  : Slow 1100mV 0C Model Hold 'VGA_SYNC:vga_inst|vert_sync_out'
Slack : 0.558
TNS   : 0.000

Type  : Slow 1100mV 0C Model Hold 'CLOCK_50'
Slack : 0.597
TNS   : 0.000

Type  : Slow 1100mV 0C Model Hold 'game_fsm:fsm_inst|current_state.TITLE'
Slack : 1.086
TNS   : 0.000

Type  : Slow 1100mV 0C Model Recovery 'MOUSE:mouse_inst|MOUSE_CLK_FILTER'
Slack : -1.720
TNS   : -27.419

Type  : Slow 1100mV 0C Model Removal 'MOUSE:mouse_inst|MOUSE_CLK_FILTER'
Slack : 0.637
TNS   : 0.000

Type  : Slow 1100mV 0C Model Minimum Pulse Width 'clk_25'
Slack : -2.636
TNS   : -242.529

Type  : Slow 1100mV 0C Model Minimum Pulse Width 'CLOCK_50'
Slack : -0.632
TNS   : -2.340

Type  : Slow 1100mV 0C Model Minimum Pulse Width 'VGA_SYNC:vga_inst|vert_sync_out'
Slack : -0.538
TNS   : -278.968

Type  : Slow 1100mV 0C Model Minimum Pulse Width 'MOUSE:mouse_inst|MOUSE_CLK_FILTER'
Slack : -0.538
TNS   : -72.370

Type  : Slow 1100mV 0C Model Minimum Pulse Width 'game_fsm:fsm_inst|current_state.TITLE'
Slack : 0.374
TNS   : 0.000

Type  : Fast 1100mV 85C Model Setup 'VGA_SYNC:vga_inst|vert_sync_out'
Slack : -65.341
TNS   : -2686.485

Type  : Fast 1100mV 85C Model Setup 'clk_25'
Slack : -3.899
TNS   : -292.220

Type  : Fast 1100mV 85C Model Setup 'MOUSE:mouse_inst|MOUSE_CLK_FILTER'
Slack : -1.568
TNS   : -111.793

Type  : Fast 1100mV 85C Model Setup 'game_fsm:fsm_inst|current_state.TITLE'
Slack : -0.776
TNS   : -0.776

Type  : Fast 1100mV 85C Model Setup 'CLOCK_50'
Slack : -0.216
TNS   : -0.216

Type  : Fast 1100mV 85C Model Hold 'clk_25'
Slack : -0.011
TNS   : -0.011

Type  : Fast 1100mV 85C Model Hold 'VGA_SYNC:vga_inst|vert_sync_out'
Slack : 0.162
TNS   : 0.000

Type  : Fast 1100mV 85C Model Hold 'MOUSE:mouse_inst|MOUSE_CLK_FILTER'
Slack : 0.251
TNS   : 0.000

Type  : Fast 1100mV 85C Model Hold 'CLOCK_50'
Slack : 0.263
TNS   : 0.000

Type  : Fast 1100mV 85C Model Hold 'game_fsm:fsm_inst|current_state.TITLE'
Slack : 0.357
TNS   : 0.000

Type  : Fast 1100mV 85C Model Recovery 'MOUSE:mouse_inst|MOUSE_CLK_FILTER'
Slack : -0.843
TNS   : -13.455

Type  : Fast 1100mV 85C Model Removal 'MOUSE:mouse_inst|MOUSE_CLK_FILTER'
Slack : 0.307
TNS   : 0.000

Type  : Fast 1100mV 85C Model Minimum Pulse Width 'clk_25'
Slack : -2.174
TNS   : -113.516

Type  : Fast 1100mV 85C Model Minimum Pulse Width 'CLOCK_50'
Slack : -0.547
TNS   : -1.490

Type  : Fast 1100mV 85C Model Minimum Pulse Width 'VGA_SYNC:vga_inst|vert_sync_out'
Slack : -0.163
TNS   : -15.271

Type  : Fast 1100mV 85C Model Minimum Pulse Width 'MOUSE:mouse_inst|MOUSE_CLK_FILTER'
Slack : -0.058
TNS   : -0.921

Type  : Fast 1100mV 85C Model Minimum Pulse Width 'game_fsm:fsm_inst|current_state.TITLE'
Slack : 0.344
TNS   : 0.000

Type  : Fast 1100mV 0C Model Setup 'VGA_SYNC:vga_inst|vert_sync_out'
Slack : -61.992
TNS   : -2448.723

Type  : Fast 1100mV 0C Model Setup 'clk_25'
Slack : -3.485
TNS   : -253.476

Type  : Fast 1100mV 0C Model Setup 'MOUSE:mouse_inst|MOUSE_CLK_FILTER'
Slack : -1.355
TNS   : -97.149

Type  : Fast 1100mV 0C Model Setup 'game_fsm:fsm_inst|current_state.TITLE'
Slack : -0.713
TNS   : -0.713

Type  : Fast 1100mV 0C Model Setup 'CLOCK_50'
Slack : -0.152
TNS   : -0.152

Type  : Fast 1100mV 0C Model Hold 'clk_25'
Slack : -0.037
TNS   : -0.037

Type  : Fast 1100mV 0C Model Hold 'VGA_SYNC:vga_inst|vert_sync_out'
Slack : 0.149
TNS   : 0.000

Type  : Fast 1100mV 0C Model Hold 'CLOCK_50'
Slack : 0.236
TNS   : 0.000

Type  : Fast 1100mV 0C Model Hold 'MOUSE:mouse_inst|MOUSE_CLK_FILTER'
Slack : 0.246
TNS   : 0.000

Type  : Fast 1100mV 0C Model Hold 'game_fsm:fsm_inst|current_state.TITLE'
Slack : 0.353
TNS   : 0.000

Type  : Fast 1100mV 0C Model Recovery 'MOUSE:mouse_inst|MOUSE_CLK_FILTER'
Slack : -0.733
TNS   : -11.695

Type  : Fast 1100mV 0C Model Removal 'MOUSE:mouse_inst|MOUSE_CLK_FILTER'
Slack : 0.273
TNS   : 0.000

Type  : Fast 1100mV 0C Model Minimum Pulse Width 'clk_25'
Slack : -2.174
TNS   : -108.434

Type  : Fast 1100mV 0C Model Minimum Pulse Width 'CLOCK_50'
Slack : -0.525
TNS   : -1.418

Type  : Fast 1100mV 0C Model Minimum Pulse Width 'VGA_SYNC:vga_inst|vert_sync_out'
Slack : -0.122
TNS   : -6.303

Type  : Fast 1100mV 0C Model Minimum Pulse Width 'MOUSE:mouse_inst|MOUSE_CLK_FILTER'
Slack : -0.054
TNS   : -0.836

Type  : Fast 1100mV 0C Model Minimum Pulse Width 'game_fsm:fsm_inst|current_state.TITLE'
Slack : 0.380
TNS   : 0.000

------------------------------------------------------------
